test succeededline 2line3